// Jest Snapshot v1, https://goo.gl/fbAQLP

exports[`MyEvents Component MyEvents form  should render self it should render for dumb component 1`] = `
<BrowserRouter>
  <Router
    history={
      Object {
        "action": "POP",
        "block": [Function],
        "createHref": [Function],
        "go": [Function],
        "goBack": [Function],
        "goForward": [Function],
        "length": 1,
        "listen": [Function],
        "location": Object {
          "hash": "",
          "pathname": "blank",
          "search": "",
          "state": undefined,
        },
        "push": [Function],
        "replace": [Function],
      }
    }
  >
    <MyEvents />
  </Router>
</BrowserRouter>
`;
