// Jest Snapshot v1, https://goo.gl/fbAQLP

exports[`AdminCenters Component AdminCenters form  should render self it should render for dumb component 1`] = `
<div
  className="panel centers"
  id="centers"
>
  <div
    className="container events"
    id="events"
  >
    <div
      className="row event-row"
    />
  </div>
</div>
`;
