// Jest Snapshot v1, https://goo.gl/fbAQLP

exports[`Allcenters Component Allcenters form  should render self it should render for dumb component 1`] = `
<div>
  <NavBar
    page="AllCenters"
  />
  <div
    className="panel centers"
    id="centers"
  >
    <div
      className="container events"
      id="events"
    >
      <div
        className="row event-row"
      />
    </div>
  </div>
  <Footer />
</div>
`;
