// Jest Snapshot v1, https://goo.gl/fbAQLP

exports[`CenterCard Component it should render CenterCard component 1`] = `
<div
  className="col-md-4 event"
>
  <div
    className="card"
  >
    <div
      className="card-block"
    >
      <h5
        className="card-title"
      >
        <b />
      </h5>
      <p
        className="card-text h6"
      >
        undefined...
      </p>
      <p
        className="card-text h6"
      >
        <b>
          Location
        </b>
        :
        undefined...
      </p>
      <p
        className="card-text h6"
      >
        <b>
          Capacity
        </b>
        : 
         seats
      </p>
      <p
        className="card-text h6"
      >
        <b>
          Price
        </b>
        : ₦
      </p>
      <p
        className="card-text"
      >
        <b>
          Availability
        </b>
        : 
        Center is Available
      </p>
      <p
        className="text-center"
      >
        <a
          className="btn btn-sm btn-primary"
          href="/centers/1"
        >
          <i
            className="fa fa-info-circle fa-lg"
          />
           View Center
        </a>
      </p>
    </div>
  </div>
</div>
`;
