// Jest Snapshot v1, https://goo.gl/fbAQLP

exports[`CenterCard Component it should render CenterCard component 1`] = `
ShallowWrapper {
  "length": 1,
  Symbol(enzyme.__root__): [Circular],
  Symbol(enzyme.__unrendered__): <CenterCard
    centerDetails={
      Object {
        "available": "true",
        "capacity": "",
        "description": Object {
          "substr": [Function],
        },
        "id": "1",
        "location": Object {
          "substr": [Function],
        },
        "name": "",
        "price": "",
      }
    }
    show={[Function]}
  />,
  Symbol(enzyme.__renderer__): Object {
    "batchedUpdates": [Function],
    "getNode": [Function],
    "render": [Function],
    "simulateEvent": [Function],
    "unmount": [Function],
  },
  Symbol(enzyme.__node__): Object {
    "instance": null,
    "key": undefined,
    "nodeType": "host",
    "props": Object {
      "children": <div
        className="card"
      >
        <div
          className="card-block"
        >
          <h5
            className="card-title"
          >
            <b>
              
            </b>
          </h5>
          <p
            className="card-text h6"
          >
            undefined...
          </p>
          <p
            className="card-text h6"
          >
            <b>
              Location
            </b>
            :
            undefined...
          </p>
          <p
            className="card-text h6"
          >
            <b>
              Capacity
            </b>
            : 
            
             seats
          </p>
          <p
            className="card-text h6"
          >
            <b>
              Price
            </b>
            : ₦
            
          </p>
          <p
            className="card-text"
          >
            <b>
              Availability
            </b>
            : 
            Center is Available
          </p>
          <p
            className="text-center"
          >
            <a
              className="btn btn-sm btn-primary"
              href="/centers/1"
            >
              <i
                className="fa fa-info-circle fa-lg"
              />
               View Center
            </a>
          </p>
        </div>
      </div>,
      "className": "col-md-4 event",
    },
    "ref": null,
    "rendered": Object {
      "instance": null,
      "key": undefined,
      "nodeType": "host",
      "props": Object {
        "children": <div
          className="card-block"
        >
          <h5
            className="card-title"
          >
            <b>
              
            </b>
          </h5>
          <p
            className="card-text h6"
          >
            undefined...
          </p>
          <p
            className="card-text h6"
          >
            <b>
              Location
            </b>
            :
            undefined...
          </p>
          <p
            className="card-text h6"
          >
            <b>
              Capacity
            </b>
            : 
            
             seats
          </p>
          <p
            className="card-text h6"
          >
            <b>
              Price
            </b>
            : ₦
            
          </p>
          <p
            className="card-text"
          >
            <b>
              Availability
            </b>
            : 
            Center is Available
          </p>
          <p
            className="text-center"
          >
            <a
              className="btn btn-sm btn-primary"
              href="/centers/1"
            >
              <i
                className="fa fa-info-circle fa-lg"
              />
               View Center
            </a>
          </p>
        </div>,
        "className": "card",
      },
      "ref": null,
      "rendered": Object {
        "instance": null,
        "key": undefined,
        "nodeType": "host",
        "props": Object {
          "children": Array [
            <h5
              className="card-title"
            >
              <b>
                
              </b>
            </h5>,
            <p
              className="card-text h6"
            >
              undefined...
            </p>,
            <p
              className="card-text h6"
            >
              <b>
                Location
              </b>
              :
              undefined...
            </p>,
            <p
              className="card-text h6"
            >
              <b>
                Capacity
              </b>
              : 
              
               seats
            </p>,
            <p
              className="card-text h6"
            >
              <b>
                Price
              </b>
              : ₦
              
            </p>,
            <p
              className="card-text"
            >
              <b>
                Availability
              </b>
              : 
              Center is Available
            </p>,
            <p
              className="text-center"
            >
              <a
                className="btn btn-sm btn-primary"
                href="/centers/1"
              >
                <i
                  className="fa fa-info-circle fa-lg"
                />
                 View Center
              </a>
            </p>,
          ],
          "className": "card-block",
        },
        "ref": null,
        "rendered": Array [
          Object {
            "instance": null,
            "key": undefined,
            "nodeType": "host",
            "props": Object {
              "children": <b>
                
              </b>,
              "className": "card-title",
            },
            "ref": null,
            "rendered": Object {
              "instance": null,
              "key": undefined,
              "nodeType": "host",
              "props": Object {
                "children": "",
              },
              "ref": null,
              "rendered": "",
              "type": "b",
            },
            "type": "h5",
          },
          Object {
            "instance": null,
            "key": undefined,
            "nodeType": "host",
            "props": Object {
              "children": "undefined...",
              "className": "card-text h6",
            },
            "ref": null,
            "rendered": "undefined...",
            "type": "p",
          },
          Object {
            "instance": null,
            "key": undefined,
            "nodeType": "host",
            "props": Object {
              "children": Array [
                <b>
                  Location
                </b>,
                ":",
                "undefined...",
              ],
              "className": "card-text h6",
            },
            "ref": null,
            "rendered": Array [
              Object {
                "instance": null,
                "key": undefined,
                "nodeType": "host",
                "props": Object {
                  "children": "Location",
                },
                "ref": null,
                "rendered": "Location",
                "type": "b",
              },
              ":",
              "undefined...",
            ],
            "type": "p",
          },
          Object {
            "instance": null,
            "key": undefined,
            "nodeType": "host",
            "props": Object {
              "children": Array [
                <b>
                  Capacity
                </b>,
                ": ",
                "",
                " seats",
              ],
              "className": "card-text h6",
            },
            "ref": null,
            "rendered": Array [
              Object {
                "instance": null,
                "key": undefined,
                "nodeType": "host",
                "props": Object {
                  "children": "Capacity",
                },
                "ref": null,
                "rendered": "Capacity",
                "type": "b",
              },
              ": ",
              "",
              " seats",
            ],
            "type": "p",
          },
          Object {
            "instance": null,
            "key": undefined,
            "nodeType": "host",
            "props": Object {
              "children": Array [
                <b>
                  Price
                </b>,
                ": ₦",
                "",
              ],
              "className": "card-text h6",
            },
            "ref": null,
            "rendered": Array [
              Object {
                "instance": null,
                "key": undefined,
                "nodeType": "host",
                "props": Object {
                  "children": "Price",
                },
                "ref": null,
                "rendered": "Price",
                "type": "b",
              },
              ": ₦",
              "",
            ],
            "type": "p",
          },
          Object {
            "instance": null,
            "key": undefined,
            "nodeType": "host",
            "props": Object {
              "children": Array [
                <b>
                  Availability
                </b>,
                ": ",
                "Center is Available",
              ],
              "className": "card-text",
            },
            "ref": null,
            "rendered": Array [
              Object {
                "instance": null,
                "key": undefined,
                "nodeType": "host",
                "props": Object {
                  "children": "Availability",
                },
                "ref": null,
                "rendered": "Availability",
                "type": "b",
              },
              ": ",
              "Center is Available",
            ],
            "type": "p",
          },
          Object {
            "instance": null,
            "key": undefined,
            "nodeType": "host",
            "props": Object {
              "children": <a
                className="btn btn-sm btn-primary"
                href="/centers/1"
              >
                <i
                  className="fa fa-info-circle fa-lg"
                />
                 View Center
              </a>,
              "className": "text-center",
            },
            "ref": null,
            "rendered": Object {
              "instance": null,
              "key": undefined,
              "nodeType": "host",
              "props": Object {
                "children": Array [
                  <i
                    className="fa fa-info-circle fa-lg"
                  />,
                  " View Center",
                ],
                "className": "btn btn-sm btn-primary",
                "href": "/centers/1",
              },
              "ref": null,
              "rendered": Array [
                Object {
                  "instance": null,
                  "key": undefined,
                  "nodeType": "host",
                  "props": Object {
                    "className": "fa fa-info-circle fa-lg",
                  },
                  "ref": null,
                  "rendered": null,
                  "type": "i",
                },
                " View Center",
              ],
              "type": "a",
            },
            "type": "p",
          },
        ],
        "type": "div",
      },
      "type": "div",
    },
    "type": "div",
  },
  Symbol(enzyme.__nodes__): Array [
    Object {
      "instance": null,
      "key": undefined,
      "nodeType": "host",
      "props": Object {
        "children": <div
          className="card"
        >
          <div
            className="card-block"
          >
            <h5
              className="card-title"
            >
              <b>
                
              </b>
            </h5>
            <p
              className="card-text h6"
            >
              undefined...
            </p>
            <p
              className="card-text h6"
            >
              <b>
                Location
              </b>
              :
              undefined...
            </p>
            <p
              className="card-text h6"
            >
              <b>
                Capacity
              </b>
              : 
              
               seats
            </p>
            <p
              className="card-text h6"
            >
              <b>
                Price
              </b>
              : ₦
              
            </p>
            <p
              className="card-text"
            >
              <b>
                Availability
              </b>
              : 
              Center is Available
            </p>
            <p
              className="text-center"
            >
              <a
                className="btn btn-sm btn-primary"
                href="/centers/1"
              >
                <i
                  className="fa fa-info-circle fa-lg"
                />
                 View Center
              </a>
            </p>
          </div>
        </div>,
        "className": "col-md-4 event",
      },
      "ref": null,
      "rendered": Object {
        "instance": null,
        "key": undefined,
        "nodeType": "host",
        "props": Object {
          "children": <div
            className="card-block"
          >
            <h5
              className="card-title"
            >
              <b>
                
              </b>
            </h5>
            <p
              className="card-text h6"
            >
              undefined...
            </p>
            <p
              className="card-text h6"
            >
              <b>
                Location
              </b>
              :
              undefined...
            </p>
            <p
              className="card-text h6"
            >
              <b>
                Capacity
              </b>
              : 
              
               seats
            </p>
            <p
              className="card-text h6"
            >
              <b>
                Price
              </b>
              : ₦
              
            </p>
            <p
              className="card-text"
            >
              <b>
                Availability
              </b>
              : 
              Center is Available
            </p>
            <p
              className="text-center"
            >
              <a
                className="btn btn-sm btn-primary"
                href="/centers/1"
              >
                <i
                  className="fa fa-info-circle fa-lg"
                />
                 View Center
              </a>
            </p>
          </div>,
          "className": "card",
        },
        "ref": null,
        "rendered": Object {
          "instance": null,
          "key": undefined,
          "nodeType": "host",
          "props": Object {
            "children": Array [
              <h5
                className="card-title"
              >
                <b>
                  
                </b>
              </h5>,
              <p
                className="card-text h6"
              >
                undefined...
              </p>,
              <p
                className="card-text h6"
              >
                <b>
                  Location
                </b>
                :
                undefined...
              </p>,
              <p
                className="card-text h6"
              >
                <b>
                  Capacity
                </b>
                : 
                
                 seats
              </p>,
              <p
                className="card-text h6"
              >
                <b>
                  Price
                </b>
                : ₦
                
              </p>,
              <p
                className="card-text"
              >
                <b>
                  Availability
                </b>
                : 
                Center is Available
              </p>,
              <p
                className="text-center"
              >
                <a
                  className="btn btn-sm btn-primary"
                  href="/centers/1"
                >
                  <i
                    className="fa fa-info-circle fa-lg"
                  />
                   View Center
                </a>
              </p>,
            ],
            "className": "card-block",
          },
          "ref": null,
          "rendered": Array [
            Object {
              "instance": null,
              "key": undefined,
              "nodeType": "host",
              "props": Object {
                "children": <b>
                  
                </b>,
                "className": "card-title",
              },
              "ref": null,
              "rendered": Object {
                "instance": null,
                "key": undefined,
                "nodeType": "host",
                "props": Object {
                  "children": "",
                },
                "ref": null,
                "rendered": "",
                "type": "b",
              },
              "type": "h5",
            },
            Object {
              "instance": null,
              "key": undefined,
              "nodeType": "host",
              "props": Object {
                "children": "undefined...",
                "className": "card-text h6",
              },
              "ref": null,
              "rendered": "undefined...",
              "type": "p",
            },
            Object {
              "instance": null,
              "key": undefined,
              "nodeType": "host",
              "props": Object {
                "children": Array [
                  <b>
                    Location
                  </b>,
                  ":",
                  "undefined...",
                ],
                "className": "card-text h6",
              },
              "ref": null,
              "rendered": Array [
                Object {
                  "instance": null,
                  "key": undefined,
                  "nodeType": "host",
                  "props": Object {
                    "children": "Location",
                  },
                  "ref": null,
                  "rendered": "Location",
                  "type": "b",
                },
                ":",
                "undefined...",
              ],
              "type": "p",
            },
            Object {
              "instance": null,
              "key": undefined,
              "nodeType": "host",
              "props": Object {
                "children": Array [
                  <b>
                    Capacity
                  </b>,
                  ": ",
                  "",
                  " seats",
                ],
                "className": "card-text h6",
              },
              "ref": null,
              "rendered": Array [
                Object {
                  "instance": null,
                  "key": undefined,
                  "nodeType": "host",
                  "props": Object {
                    "children": "Capacity",
                  },
                  "ref": null,
                  "rendered": "Capacity",
                  "type": "b",
                },
                ": ",
                "",
                " seats",
              ],
              "type": "p",
            },
            Object {
              "instance": null,
              "key": undefined,
              "nodeType": "host",
              "props": Object {
                "children": Array [
                  <b>
                    Price
                  </b>,
                  ": ₦",
                  "",
                ],
                "className": "card-text h6",
              },
              "ref": null,
              "rendered": Array [
                Object {
                  "instance": null,
                  "key": undefined,
                  "nodeType": "host",
                  "props": Object {
                    "children": "Price",
                  },
                  "ref": null,
                  "rendered": "Price",
                  "type": "b",
                },
                ": ₦",
                "",
              ],
              "type": "p",
            },
            Object {
              "instance": null,
              "key": undefined,
              "nodeType": "host",
              "props": Object {
                "children": Array [
                  <b>
                    Availability
                  </b>,
                  ": ",
                  "Center is Available",
                ],
                "className": "card-text",
              },
              "ref": null,
              "rendered": Array [
                Object {
                  "instance": null,
                  "key": undefined,
                  "nodeType": "host",
                  "props": Object {
                    "children": "Availability",
                  },
                  "ref": null,
                  "rendered": "Availability",
                  "type": "b",
                },
                ": ",
                "Center is Available",
              ],
              "type": "p",
            },
            Object {
              "instance": null,
              "key": undefined,
              "nodeType": "host",
              "props": Object {
                "children": <a
                  className="btn btn-sm btn-primary"
                  href="/centers/1"
                >
                  <i
                    className="fa fa-info-circle fa-lg"
                  />
                   View Center
                </a>,
                "className": "text-center",
              },
              "ref": null,
              "rendered": Object {
                "instance": null,
                "key": undefined,
                "nodeType": "host",
                "props": Object {
                  "children": Array [
                    <i
                      className="fa fa-info-circle fa-lg"
                    />,
                    " View Center",
                  ],
                  "className": "btn btn-sm btn-primary",
                  "href": "/centers/1",
                },
                "ref": null,
                "rendered": Array [
                  Object {
                    "instance": null,
                    "key": undefined,
                    "nodeType": "host",
                    "props": Object {
                      "className": "fa fa-info-circle fa-lg",
                    },
                    "ref": null,
                    "rendered": null,
                    "type": "i",
                  },
                  " View Center",
                ],
                "type": "a",
              },
              "type": "p",
            },
          ],
          "type": "div",
        },
        "type": "div",
      },
      "type": "div",
    },
  ],
  Symbol(enzyme.__options__): Object {
    "adapter": ReactSixteenAdapter {
      "options": Object {
        "enableComponentDidUpdateOnSetState": true,
      },
    },
  },
}
`;
