// Jest Snapshot v1, https://goo.gl/fbAQLP

exports[`Center Component it should render Center component 1`] = `
<Center
  centerDetails={
    Object {
      "available": "true",
      "capacity": "",
      "description": Object {
        "substr": [Function],
      },
      "id": "1",
      "location": Object {
        "substr": [Function],
      },
      "name": "",
      "price": "",
    }
  }
  show={[Function]}
/>
`;
