// Jest Snapshot v1, https://goo.gl/fbAQLP

exports[`EventDetails Component EventDetails form  should render self it should render for dumb component 1`] = `
ShallowWrapper {
  "length": 1,
  Symbol(enzyme.__root__): [Circular],
  Symbol(enzyme.__unrendered__): <EventDetails
    centerId="1"
    dispatch={[Function]}
    event={
      Object {
        "Center": Array [],
        "date": 1515401552699,
        "description": "",
        "id": "1",
        "image": "",
        "location": "",
        "time": "5:00",
        "title": "Seminar",
      }
    }
    match={
      Object {
        "params": Object {
          "id": "1",
        },
      }
    }
  />,
  Symbol(enzyme.__renderer__): Object {
    "batchedUpdates": [Function],
    "getNode": [Function],
    "render": [Function],
    "simulateEvent": [Function],
    "unmount": [Function],
  },
  Symbol(enzyme.__node__): Object {
    "instance": null,
    "key": undefined,
    "nodeType": "host",
    "props": Object {
      "children": Array [
        <NavBar
          page="MyEvents"
        />,
        <div
          className="container event-details"
        >
          <div
            className="row"
          >
            <div
              className="col-md-8 event"
            >
              <div
                className="card mb-3"
              >
                <img
                  alt="Card image cap"
                  className="card-img-top img-fluid"
                  height="300"
                  src=""
                />
                <div
                  className="card-block"
                >
                  <h5
                    className="card-title"
                  >
                    <b>
                      Seminar
                    </b>
                  </h5>
                  <p
                    className="card-text"
                  >
                    
                  </p>
                </div>
              </div>
              <Location
                location="undefined, undefined"
              />
            </div>
            <div
              className="col-md-4 venue-date"
            >
              <div
                className="container"
              >
                <div
                  className="row"
                >
                  <div
                    className="card"
                  >
                    <h6
                      className="card-header"
                    >
                      <b>
                        VENUE
                      </b>
                    </h6>
                    <div
                      className="card-block"
                    >
                      <p
                        className="card-text"
                      >
                        undefined, undefined
                      </p>
                    </div>
                  </div>
                </div>
                <div
                  className="row"
                >
                  <div
                    className="card"
                  >
                    <h6
                      className="card-header"
                    >
                      <b>
                        DATE & TIME
                      </b>
                    </h6>
                    <div
                      className="card-block"
                    >
                      <p
                        className="card-text"
                      >
                        08 January 2018
                      </p>
                      <p
                        className="card-text"
                      >
                        5:00
                      </p>
                    </div>
                  </div>
                </div>
              </div>
            </div>
          </div>
        </div>,
        <Footer />,
      ],
    },
    "ref": null,
    "rendered": Array [
      Object {
        "instance": null,
        "key": undefined,
        "nodeType": "class",
        "props": Object {
          "page": "MyEvents",
        },
        "ref": null,
        "rendered": null,
        "type": [Function],
      },
      Object {
        "instance": null,
        "key": undefined,
        "nodeType": "host",
        "props": Object {
          "children": <div
            className="row"
          >
            <div
              className="col-md-8 event"
            >
              <div
                className="card mb-3"
              >
                <img
                  alt="Card image cap"
                  className="card-img-top img-fluid"
                  height="300"
                  src=""
                />
                <div
                  className="card-block"
                >
                  <h5
                    className="card-title"
                  >
                    <b>
                      Seminar
                    </b>
                  </h5>
                  <p
                    className="card-text"
                  >
                    
                  </p>
                </div>
              </div>
              <Location
                location="undefined, undefined"
              />
            </div>
            <div
              className="col-md-4 venue-date"
            >
              <div
                className="container"
              >
                <div
                  className="row"
                >
                  <div
                    className="card"
                  >
                    <h6
                      className="card-header"
                    >
                      <b>
                        VENUE
                      </b>
                    </h6>
                    <div
                      className="card-block"
                    >
                      <p
                        className="card-text"
                      >
                        undefined, undefined
                      </p>
                    </div>
                  </div>
                </div>
                <div
                  className="row"
                >
                  <div
                    className="card"
                  >
                    <h6
                      className="card-header"
                    >
                      <b>
                        DATE & TIME
                      </b>
                    </h6>
                    <div
                      className="card-block"
                    >
                      <p
                        className="card-text"
                      >
                        08 January 2018
                      </p>
                      <p
                        className="card-text"
                      >
                        5:00
                      </p>
                    </div>
                  </div>
                </div>
              </div>
            </div>
          </div>,
          "className": "container event-details",
        },
        "ref": null,
        "rendered": Object {
          "instance": null,
          "key": undefined,
          "nodeType": "host",
          "props": Object {
            "children": Array [
              <div
                className="col-md-8 event"
              >
                <div
                  className="card mb-3"
                >
                  <img
                    alt="Card image cap"
                    className="card-img-top img-fluid"
                    height="300"
                    src=""
                  />
                  <div
                    className="card-block"
                  >
                    <h5
                      className="card-title"
                    >
                      <b>
                        Seminar
                      </b>
                    </h5>
                    <p
                      className="card-text"
                    >
                      
                    </p>
                  </div>
                </div>
                <Location
                  location="undefined, undefined"
                />
              </div>,
              <div
                className="col-md-4 venue-date"
              >
                <div
                  className="container"
                >
                  <div
                    className="row"
                  >
                    <div
                      className="card"
                    >
                      <h6
                        className="card-header"
                      >
                        <b>
                          VENUE
                        </b>
                      </h6>
                      <div
                        className="card-block"
                      >
                        <p
                          className="card-text"
                        >
                          undefined, undefined
                        </p>
                      </div>
                    </div>
                  </div>
                  <div
                    className="row"
                  >
                    <div
                      className="card"
                    >
                      <h6
                        className="card-header"
                      >
                        <b>
                          DATE & TIME
                        </b>
                      </h6>
                      <div
                        className="card-block"
                      >
                        <p
                          className="card-text"
                        >
                          08 January 2018
                        </p>
                        <p
                          className="card-text"
                        >
                          5:00
                        </p>
                      </div>
                    </div>
                  </div>
                </div>
              </div>,
            ],
            "className": "row",
          },
          "ref": null,
          "rendered": Array [
            Object {
              "instance": null,
              "key": undefined,
              "nodeType": "host",
              "props": Object {
                "children": Array [
                  <div
                    className="card mb-3"
                  >
                    <img
                      alt="Card image cap"
                      className="card-img-top img-fluid"
                      height="300"
                      src=""
                    />
                    <div
                      className="card-block"
                    >
                      <h5
                        className="card-title"
                      >
                        <b>
                          Seminar
                        </b>
                      </h5>
                      <p
                        className="card-text"
                      >
                        
                      </p>
                    </div>
                  </div>,
                  <Location
                    location="undefined, undefined"
                  />,
                ],
                "className": "col-md-8 event",
              },
              "ref": null,
              "rendered": Array [
                Object {
                  "instance": null,
                  "key": undefined,
                  "nodeType": "host",
                  "props": Object {
                    "children": Array [
                      <img
                        alt="Card image cap"
                        className="card-img-top img-fluid"
                        height="300"
                        src=""
                      />,
                      <div
                        className="card-block"
                      >
                        <h5
                          className="card-title"
                        >
                          <b>
                            Seminar
                          </b>
                        </h5>
                        <p
                          className="card-text"
                        >
                          
                        </p>
                      </div>,
                    ],
                    "className": "card mb-3",
                  },
                  "ref": null,
                  "rendered": Array [
                    Object {
                      "instance": null,
                      "key": undefined,
                      "nodeType": "host",
                      "props": Object {
                        "alt": "Card image cap",
                        "className": "card-img-top img-fluid",
                        "height": "300",
                        "src": "",
                      },
                      "ref": null,
                      "rendered": null,
                      "type": "img",
                    },
                    Object {
                      "instance": null,
                      "key": undefined,
                      "nodeType": "host",
                      "props": Object {
                        "children": Array [
                          <h5
                            className="card-title"
                          >
                            <b>
                              Seminar
                            </b>
                          </h5>,
                          <p
                            className="card-text"
                          >
                            
                          </p>,
                        ],
                        "className": "card-block",
                      },
                      "ref": null,
                      "rendered": Array [
                        Object {
                          "instance": null,
                          "key": undefined,
                          "nodeType": "host",
                          "props": Object {
                            "children": <b>
                              Seminar
                            </b>,
                            "className": "card-title",
                          },
                          "ref": null,
                          "rendered": Object {
                            "instance": null,
                            "key": undefined,
                            "nodeType": "host",
                            "props": Object {
                              "children": "Seminar",
                            },
                            "ref": null,
                            "rendered": "Seminar",
                            "type": "b",
                          },
                          "type": "h5",
                        },
                        Object {
                          "instance": null,
                          "key": undefined,
                          "nodeType": "host",
                          "props": Object {
                            "children": "",
                            "className": "card-text",
                          },
                          "ref": null,
                          "rendered": "",
                          "type": "p",
                        },
                      ],
                      "type": "div",
                    },
                  ],
                  "type": "div",
                },
                Object {
                  "instance": null,
                  "key": undefined,
                  "nodeType": "class",
                  "props": Object {
                    "location": "undefined, undefined",
                  },
                  "ref": null,
                  "rendered": null,
                  "type": [Function],
                },
              ],
              "type": "div",
            },
            Object {
              "instance": null,
              "key": undefined,
              "nodeType": "host",
              "props": Object {
                "children": <div
                  className="container"
                >
                  <div
                    className="row"
                  >
                    <div
                      className="card"
                    >
                      <h6
                        className="card-header"
                      >
                        <b>
                          VENUE
                        </b>
                      </h6>
                      <div
                        className="card-block"
                      >
                        <p
                          className="card-text"
                        >
                          undefined, undefined
                        </p>
                      </div>
                    </div>
                  </div>
                  <div
                    className="row"
                  >
                    <div
                      className="card"
                    >
                      <h6
                        className="card-header"
                      >
                        <b>
                          DATE & TIME
                        </b>
                      </h6>
                      <div
                        className="card-block"
                      >
                        <p
                          className="card-text"
                        >
                          08 January 2018
                        </p>
                        <p
                          className="card-text"
                        >
                          5:00
                        </p>
                      </div>
                    </div>
                  </div>
                </div>,
                "className": "col-md-4 venue-date",
              },
              "ref": null,
              "rendered": Object {
                "instance": null,
                "key": undefined,
                "nodeType": "host",
                "props": Object {
                  "children": Array [
                    <div
                      className="row"
                    >
                      <div
                        className="card"
                      >
                        <h6
                          className="card-header"
                        >
                          <b>
                            VENUE
                          </b>
                        </h6>
                        <div
                          className="card-block"
                        >
                          <p
                            className="card-text"
                          >
                            undefined, undefined
                          </p>
                        </div>
                      </div>
                    </div>,
                    <div
                      className="row"
                    >
                      <div
                        className="card"
                      >
                        <h6
                          className="card-header"
                        >
                          <b>
                            DATE & TIME
                          </b>
                        </h6>
                        <div
                          className="card-block"
                        >
                          <p
                            className="card-text"
                          >
                            08 January 2018
                          </p>
                          <p
                            className="card-text"
                          >
                            5:00
                          </p>
                        </div>
                      </div>
                    </div>,
                  ],
                  "className": "container",
                },
                "ref": null,
                "rendered": Array [
                  Object {
                    "instance": null,
                    "key": undefined,
                    "nodeType": "host",
                    "props": Object {
                      "children": <div
                        className="card"
                      >
                        <h6
                          className="card-header"
                        >
                          <b>
                            VENUE
                          </b>
                        </h6>
                        <div
                          className="card-block"
                        >
                          <p
                            className="card-text"
                          >
                            undefined, undefined
                          </p>
                        </div>
                      </div>,
                      "className": "row",
                    },
                    "ref": null,
                    "rendered": Object {
                      "instance": null,
                      "key": undefined,
                      "nodeType": "host",
                      "props": Object {
                        "children": Array [
                          <h6
                            className="card-header"
                          >
                            <b>
                              VENUE
                            </b>
                          </h6>,
                          <div
                            className="card-block"
                          >
                            <p
                              className="card-text"
                            >
                              undefined, undefined
                            </p>
                          </div>,
                        ],
                        "className": "card",
                      },
                      "ref": null,
                      "rendered": Array [
                        Object {
                          "instance": null,
                          "key": undefined,
                          "nodeType": "host",
                          "props": Object {
                            "children": <b>
                              VENUE
                            </b>,
                            "className": "card-header",
                          },
                          "ref": null,
                          "rendered": Object {
                            "instance": null,
                            "key": undefined,
                            "nodeType": "host",
                            "props": Object {
                              "children": "VENUE",
                            },
                            "ref": null,
                            "rendered": "VENUE",
                            "type": "b",
                          },
                          "type": "h6",
                        },
                        Object {
                          "instance": null,
                          "key": undefined,
                          "nodeType": "host",
                          "props": Object {
                            "children": <p
                              className="card-text"
                            >
                              undefined, undefined
                            </p>,
                            "className": "card-block",
                          },
                          "ref": null,
                          "rendered": Object {
                            "instance": null,
                            "key": undefined,
                            "nodeType": "host",
                            "props": Object {
                              "children": "undefined, undefined",
                              "className": "card-text",
                            },
                            "ref": null,
                            "rendered": "undefined, undefined",
                            "type": "p",
                          },
                          "type": "div",
                        },
                      ],
                      "type": "div",
                    },
                    "type": "div",
                  },
                  Object {
                    "instance": null,
                    "key": undefined,
                    "nodeType": "host",
                    "props": Object {
                      "children": <div
                        className="card"
                      >
                        <h6
                          className="card-header"
                        >
                          <b>
                            DATE & TIME
                          </b>
                        </h6>
                        <div
                          className="card-block"
                        >
                          <p
                            className="card-text"
                          >
                            08 January 2018
                          </p>
                          <p
                            className="card-text"
                          >
                            5:00
                          </p>
                        </div>
                      </div>,
                      "className": "row",
                    },
                    "ref": null,
                    "rendered": Object {
                      "instance": null,
                      "key": undefined,
                      "nodeType": "host",
                      "props": Object {
                        "children": Array [
                          <h6
                            className="card-header"
                          >
                            <b>
                              DATE & TIME
                            </b>
                          </h6>,
                          <div
                            className="card-block"
                          >
                            <p
                              className="card-text"
                            >
                              08 January 2018
                            </p>
                            <p
                              className="card-text"
                            >
                              5:00
                            </p>
                          </div>,
                        ],
                        "className": "card",
                      },
                      "ref": null,
                      "rendered": Array [
                        Object {
                          "instance": null,
                          "key": undefined,
                          "nodeType": "host",
                          "props": Object {
                            "children": <b>
                              DATE & TIME
                            </b>,
                            "className": "card-header",
                          },
                          "ref": null,
                          "rendered": Object {
                            "instance": null,
                            "key": undefined,
                            "nodeType": "host",
                            "props": Object {
                              "children": "DATE & TIME",
                            },
                            "ref": null,
                            "rendered": "DATE & TIME",
                            "type": "b",
                          },
                          "type": "h6",
                        },
                        Object {
                          "instance": null,
                          "key": undefined,
                          "nodeType": "host",
                          "props": Object {
                            "children": Array [
                              <p
                                className="card-text"
                              >
                                08 January 2018
                              </p>,
                              <p
                                className="card-text"
                              >
                                5:00
                              </p>,
                            ],
                            "className": "card-block",
                          },
                          "ref": null,
                          "rendered": Array [
                            Object {
                              "instance": null,
                              "key": undefined,
                              "nodeType": "host",
                              "props": Object {
                                "children": "08 January 2018",
                                "className": "card-text",
                              },
                              "ref": null,
                              "rendered": "08 January 2018",
                              "type": "p",
                            },
                            Object {
                              "instance": null,
                              "key": undefined,
                              "nodeType": "host",
                              "props": Object {
                                "children": "5:00",
                                "className": "card-text",
                              },
                              "ref": null,
                              "rendered": "5:00",
                              "type": "p",
                            },
                          ],
                          "type": "div",
                        },
                      ],
                      "type": "div",
                    },
                    "type": "div",
                  },
                ],
                "type": "div",
              },
              "type": "div",
            },
          ],
          "type": "div",
        },
        "type": "div",
      },
      Object {
        "instance": null,
        "key": undefined,
        "nodeType": "class",
        "props": Object {},
        "ref": null,
        "rendered": null,
        "type": [Function],
      },
    ],
    "type": "div",
  },
  Symbol(enzyme.__nodes__): Array [
    Object {
      "instance": null,
      "key": undefined,
      "nodeType": "host",
      "props": Object {
        "children": Array [
          <NavBar
            page="MyEvents"
          />,
          <div
            className="container event-details"
          >
            <div
              className="row"
            >
              <div
                className="col-md-8 event"
              >
                <div
                  className="card mb-3"
                >
                  <img
                    alt="Card image cap"
                    className="card-img-top img-fluid"
                    height="300"
                    src=""
                  />
                  <div
                    className="card-block"
                  >
                    <h5
                      className="card-title"
                    >
                      <b>
                        Seminar
                      </b>
                    </h5>
                    <p
                      className="card-text"
                    >
                      
                    </p>
                  </div>
                </div>
                <Location
                  location="undefined, undefined"
                />
              </div>
              <div
                className="col-md-4 venue-date"
              >
                <div
                  className="container"
                >
                  <div
                    className="row"
                  >
                    <div
                      className="card"
                    >
                      <h6
                        className="card-header"
                      >
                        <b>
                          VENUE
                        </b>
                      </h6>
                      <div
                        className="card-block"
                      >
                        <p
                          className="card-text"
                        >
                          undefined, undefined
                        </p>
                      </div>
                    </div>
                  </div>
                  <div
                    className="row"
                  >
                    <div
                      className="card"
                    >
                      <h6
                        className="card-header"
                      >
                        <b>
                          DATE & TIME
                        </b>
                      </h6>
                      <div
                        className="card-block"
                      >
                        <p
                          className="card-text"
                        >
                          08 January 2018
                        </p>
                        <p
                          className="card-text"
                        >
                          5:00
                        </p>
                      </div>
                    </div>
                  </div>
                </div>
              </div>
            </div>
          </div>,
          <Footer />,
        ],
      },
      "ref": null,
      "rendered": Array [
        Object {
          "instance": null,
          "key": undefined,
          "nodeType": "class",
          "props": Object {
            "page": "MyEvents",
          },
          "ref": null,
          "rendered": null,
          "type": [Function],
        },
        Object {
          "instance": null,
          "key": undefined,
          "nodeType": "host",
          "props": Object {
            "children": <div
              className="row"
            >
              <div
                className="col-md-8 event"
              >
                <div
                  className="card mb-3"
                >
                  <img
                    alt="Card image cap"
                    className="card-img-top img-fluid"
                    height="300"
                    src=""
                  />
                  <div
                    className="card-block"
                  >
                    <h5
                      className="card-title"
                    >
                      <b>
                        Seminar
                      </b>
                    </h5>
                    <p
                      className="card-text"
                    >
                      
                    </p>
                  </div>
                </div>
                <Location
                  location="undefined, undefined"
                />
              </div>
              <div
                className="col-md-4 venue-date"
              >
                <div
                  className="container"
                >
                  <div
                    className="row"
                  >
                    <div
                      className="card"
                    >
                      <h6
                        className="card-header"
                      >
                        <b>
                          VENUE
                        </b>
                      </h6>
                      <div
                        className="card-block"
                      >
                        <p
                          className="card-text"
                        >
                          undefined, undefined
                        </p>
                      </div>
                    </div>
                  </div>
                  <div
                    className="row"
                  >
                    <div
                      className="card"
                    >
                      <h6
                        className="card-header"
                      >
                        <b>
                          DATE & TIME
                        </b>
                      </h6>
                      <div
                        className="card-block"
                      >
                        <p
                          className="card-text"
                        >
                          08 January 2018
                        </p>
                        <p
                          className="card-text"
                        >
                          5:00
                        </p>
                      </div>
                    </div>
                  </div>
                </div>
              </div>
            </div>,
            "className": "container event-details",
          },
          "ref": null,
          "rendered": Object {
            "instance": null,
            "key": undefined,
            "nodeType": "host",
            "props": Object {
              "children": Array [
                <div
                  className="col-md-8 event"
                >
                  <div
                    className="card mb-3"
                  >
                    <img
                      alt="Card image cap"
                      className="card-img-top img-fluid"
                      height="300"
                      src=""
                    />
                    <div
                      className="card-block"
                    >
                      <h5
                        className="card-title"
                      >
                        <b>
                          Seminar
                        </b>
                      </h5>
                      <p
                        className="card-text"
                      >
                        
                      </p>
                    </div>
                  </div>
                  <Location
                    location="undefined, undefined"
                  />
                </div>,
                <div
                  className="col-md-4 venue-date"
                >
                  <div
                    className="container"
                  >
                    <div
                      className="row"
                    >
                      <div
                        className="card"
                      >
                        <h6
                          className="card-header"
                        >
                          <b>
                            VENUE
                          </b>
                        </h6>
                        <div
                          className="card-block"
                        >
                          <p
                            className="card-text"
                          >
                            undefined, undefined
                          </p>
                        </div>
                      </div>
                    </div>
                    <div
                      className="row"
                    >
                      <div
                        className="card"
                      >
                        <h6
                          className="card-header"
                        >
                          <b>
                            DATE & TIME
                          </b>
                        </h6>
                        <div
                          className="card-block"
                        >
                          <p
                            className="card-text"
                          >
                            08 January 2018
                          </p>
                          <p
                            className="card-text"
                          >
                            5:00
                          </p>
                        </div>
                      </div>
                    </div>
                  </div>
                </div>,
              ],
              "className": "row",
            },
            "ref": null,
            "rendered": Array [
              Object {
                "instance": null,
                "key": undefined,
                "nodeType": "host",
                "props": Object {
                  "children": Array [
                    <div
                      className="card mb-3"
                    >
                      <img
                        alt="Card image cap"
                        className="card-img-top img-fluid"
                        height="300"
                        src=""
                      />
                      <div
                        className="card-block"
                      >
                        <h5
                          className="card-title"
                        >
                          <b>
                            Seminar
                          </b>
                        </h5>
                        <p
                          className="card-text"
                        >
                          
                        </p>
                      </div>
                    </div>,
                    <Location
                      location="undefined, undefined"
                    />,
                  ],
                  "className": "col-md-8 event",
                },
                "ref": null,
                "rendered": Array [
                  Object {
                    "instance": null,
                    "key": undefined,
                    "nodeType": "host",
                    "props": Object {
                      "children": Array [
                        <img
                          alt="Card image cap"
                          className="card-img-top img-fluid"
                          height="300"
                          src=""
                        />,
                        <div
                          className="card-block"
                        >
                          <h5
                            className="card-title"
                          >
                            <b>
                              Seminar
                            </b>
                          </h5>
                          <p
                            className="card-text"
                          >
                            
                          </p>
                        </div>,
                      ],
                      "className": "card mb-3",
                    },
                    "ref": null,
                    "rendered": Array [
                      Object {
                        "instance": null,
                        "key": undefined,
                        "nodeType": "host",
                        "props": Object {
                          "alt": "Card image cap",
                          "className": "card-img-top img-fluid",
                          "height": "300",
                          "src": "",
                        },
                        "ref": null,
                        "rendered": null,
                        "type": "img",
                      },
                      Object {
                        "instance": null,
                        "key": undefined,
                        "nodeType": "host",
                        "props": Object {
                          "children": Array [
                            <h5
                              className="card-title"
                            >
                              <b>
                                Seminar
                              </b>
                            </h5>,
                            <p
                              className="card-text"
                            >
                              
                            </p>,
                          ],
                          "className": "card-block",
                        },
                        "ref": null,
                        "rendered": Array [
                          Object {
                            "instance": null,
                            "key": undefined,
                            "nodeType": "host",
                            "props": Object {
                              "children": <b>
                                Seminar
                              </b>,
                              "className": "card-title",
                            },
                            "ref": null,
                            "rendered": Object {
                              "instance": null,
                              "key": undefined,
                              "nodeType": "host",
                              "props": Object {
                                "children": "Seminar",
                              },
                              "ref": null,
                              "rendered": "Seminar",
                              "type": "b",
                            },
                            "type": "h5",
                          },
                          Object {
                            "instance": null,
                            "key": undefined,
                            "nodeType": "host",
                            "props": Object {
                              "children": "",
                              "className": "card-text",
                            },
                            "ref": null,
                            "rendered": "",
                            "type": "p",
                          },
                        ],
                        "type": "div",
                      },
                    ],
                    "type": "div",
                  },
                  Object {
                    "instance": null,
                    "key": undefined,
                    "nodeType": "class",
                    "props": Object {
                      "location": "undefined, undefined",
                    },
                    "ref": null,
                    "rendered": null,
                    "type": [Function],
                  },
                ],
                "type": "div",
              },
              Object {
                "instance": null,
                "key": undefined,
                "nodeType": "host",
                "props": Object {
                  "children": <div
                    className="container"
                  >
                    <div
                      className="row"
                    >
                      <div
                        className="card"
                      >
                        <h6
                          className="card-header"
                        >
                          <b>
                            VENUE
                          </b>
                        </h6>
                        <div
                          className="card-block"
                        >
                          <p
                            className="card-text"
                          >
                            undefined, undefined
                          </p>
                        </div>
                      </div>
                    </div>
                    <div
                      className="row"
                    >
                      <div
                        className="card"
                      >
                        <h6
                          className="card-header"
                        >
                          <b>
                            DATE & TIME
                          </b>
                        </h6>
                        <div
                          className="card-block"
                        >
                          <p
                            className="card-text"
                          >
                            08 January 2018
                          </p>
                          <p
                            className="card-text"
                          >
                            5:00
                          </p>
                        </div>
                      </div>
                    </div>
                  </div>,
                  "className": "col-md-4 venue-date",
                },
                "ref": null,
                "rendered": Object {
                  "instance": null,
                  "key": undefined,
                  "nodeType": "host",
                  "props": Object {
                    "children": Array [
                      <div
                        className="row"
                      >
                        <div
                          className="card"
                        >
                          <h6
                            className="card-header"
                          >
                            <b>
                              VENUE
                            </b>
                          </h6>
                          <div
                            className="card-block"
                          >
                            <p
                              className="card-text"
                            >
                              undefined, undefined
                            </p>
                          </div>
                        </div>
                      </div>,
                      <div
                        className="row"
                      >
                        <div
                          className="card"
                        >
                          <h6
                            className="card-header"
                          >
                            <b>
                              DATE & TIME
                            </b>
                          </h6>
                          <div
                            className="card-block"
                          >
                            <p
                              className="card-text"
                            >
                              08 January 2018
                            </p>
                            <p
                              className="card-text"
                            >
                              5:00
                            </p>
                          </div>
                        </div>
                      </div>,
                    ],
                    "className": "container",
                  },
                  "ref": null,
                  "rendered": Array [
                    Object {
                      "instance": null,
                      "key": undefined,
                      "nodeType": "host",
                      "props": Object {
                        "children": <div
                          className="card"
                        >
                          <h6
                            className="card-header"
                          >
                            <b>
                              VENUE
                            </b>
                          </h6>
                          <div
                            className="card-block"
                          >
                            <p
                              className="card-text"
                            >
                              undefined, undefined
                            </p>
                          </div>
                        </div>,
                        "className": "row",
                      },
                      "ref": null,
                      "rendered": Object {
                        "instance": null,
                        "key": undefined,
                        "nodeType": "host",
                        "props": Object {
                          "children": Array [
                            <h6
                              className="card-header"
                            >
                              <b>
                                VENUE
                              </b>
                            </h6>,
                            <div
                              className="card-block"
                            >
                              <p
                                className="card-text"
                              >
                                undefined, undefined
                              </p>
                            </div>,
                          ],
                          "className": "card",
                        },
                        "ref": null,
                        "rendered": Array [
                          Object {
                            "instance": null,
                            "key": undefined,
                            "nodeType": "host",
                            "props": Object {
                              "children": <b>
                                VENUE
                              </b>,
                              "className": "card-header",
                            },
                            "ref": null,
                            "rendered": Object {
                              "instance": null,
                              "key": undefined,
                              "nodeType": "host",
                              "props": Object {
                                "children": "VENUE",
                              },
                              "ref": null,
                              "rendered": "VENUE",
                              "type": "b",
                            },
                            "type": "h6",
                          },
                          Object {
                            "instance": null,
                            "key": undefined,
                            "nodeType": "host",
                            "props": Object {
                              "children": <p
                                className="card-text"
                              >
                                undefined, undefined
                              </p>,
                              "className": "card-block",
                            },
                            "ref": null,
                            "rendered": Object {
                              "instance": null,
                              "key": undefined,
                              "nodeType": "host",
                              "props": Object {
                                "children": "undefined, undefined",
                                "className": "card-text",
                              },
                              "ref": null,
                              "rendered": "undefined, undefined",
                              "type": "p",
                            },
                            "type": "div",
                          },
                        ],
                        "type": "div",
                      },
                      "type": "div",
                    },
                    Object {
                      "instance": null,
                      "key": undefined,
                      "nodeType": "host",
                      "props": Object {
                        "children": <div
                          className="card"
                        >
                          <h6
                            className="card-header"
                          >
                            <b>
                              DATE & TIME
                            </b>
                          </h6>
                          <div
                            className="card-block"
                          >
                            <p
                              className="card-text"
                            >
                              08 January 2018
                            </p>
                            <p
                              className="card-text"
                            >
                              5:00
                            </p>
                          </div>
                        </div>,
                        "className": "row",
                      },
                      "ref": null,
                      "rendered": Object {
                        "instance": null,
                        "key": undefined,
                        "nodeType": "host",
                        "props": Object {
                          "children": Array [
                            <h6
                              className="card-header"
                            >
                              <b>
                                DATE & TIME
                              </b>
                            </h6>,
                            <div
                              className="card-block"
                            >
                              <p
                                className="card-text"
                              >
                                08 January 2018
                              </p>
                              <p
                                className="card-text"
                              >
                                5:00
                              </p>
                            </div>,
                          ],
                          "className": "card",
                        },
                        "ref": null,
                        "rendered": Array [
                          Object {
                            "instance": null,
                            "key": undefined,
                            "nodeType": "host",
                            "props": Object {
                              "children": <b>
                                DATE & TIME
                              </b>,
                              "className": "card-header",
                            },
                            "ref": null,
                            "rendered": Object {
                              "instance": null,
                              "key": undefined,
                              "nodeType": "host",
                              "props": Object {
                                "children": "DATE & TIME",
                              },
                              "ref": null,
                              "rendered": "DATE & TIME",
                              "type": "b",
                            },
                            "type": "h6",
                          },
                          Object {
                            "instance": null,
                            "key": undefined,
                            "nodeType": "host",
                            "props": Object {
                              "children": Array [
                                <p
                                  className="card-text"
                                >
                                  08 January 2018
                                </p>,
                                <p
                                  className="card-text"
                                >
                                  5:00
                                </p>,
                              ],
                              "className": "card-block",
                            },
                            "ref": null,
                            "rendered": Array [
                              Object {
                                "instance": null,
                                "key": undefined,
                                "nodeType": "host",
                                "props": Object {
                                  "children": "08 January 2018",
                                  "className": "card-text",
                                },
                                "ref": null,
                                "rendered": "08 January 2018",
                                "type": "p",
                              },
                              Object {
                                "instance": null,
                                "key": undefined,
                                "nodeType": "host",
                                "props": Object {
                                  "children": "5:00",
                                  "className": "card-text",
                                },
                                "ref": null,
                                "rendered": "5:00",
                                "type": "p",
                              },
                            ],
                            "type": "div",
                          },
                        ],
                        "type": "div",
                      },
                      "type": "div",
                    },
                  ],
                  "type": "div",
                },
                "type": "div",
              },
            ],
            "type": "div",
          },
          "type": "div",
        },
        Object {
          "instance": null,
          "key": undefined,
          "nodeType": "class",
          "props": Object {},
          "ref": null,
          "rendered": null,
          "type": [Function],
        },
      ],
      "type": "div",
    },
  ],
  Symbol(enzyme.__options__): Object {
    "adapter": ReactSixteenAdapter {
      "options": Object {
        "enableComponentDidUpdateOnSetState": true,
      },
    },
  },
}
`;
