// Jest Snapshot v1, https://goo.gl/fbAQLP

exports[`Event Component Event  should render self it should render for dumb component 1`] = `
<div
  className="col-md-4 event"
>
  <div
    className="card"
  >
    <div
      className="card-block"
    >
      <h5
        className="card-title"
      >
        <b>
          Seminar
        </b>
      </h5>
      <p
        className="card-text h6"
      >
         
      </p>
      <p
        className="card-text h6"
      >
        <b>
          Venue
        </b>
         
      </p>
      <p
        className="card-text h6"
      >
        <b>
          Date
        </b>
        : 
        05 July 2018
      </p>
      <p
        className="card-text h6"
      >
        <b>
          Time
        </b>
        : 
        5:00
      </p>
      <p
        className="text-center"
      >
        <a
          className="btn btn-sm btn-primary"
          href="/events/1"
        >
          <i
            className="fa fa-info-circle fa-lg"
          />
           View Event
        </a>
        <a
          className="btn btn-sm btn-success"
          href="./modifyevent/1"
        >
          <i
            className="fa fa-edit fa-lg"
          />
           Modify
        </a>
        <a
          className="btn btn-sm btn-danger"
          data-target="#1"
          data-toggle="modal"
          href="#"
        >
          <i
            className="fa fa-trash-o fa-lg"
          />
           Delete
        </a>
      </p>
    </div>
  </div>
  <Connect(DeleteModal)
    item="event"
    objectId="1"
  />
</div>
`;
