// Jest Snapshot v1, https://goo.gl/fbAQLP

exports[`MyEvents Component MyEvents form  should render self it should render for dumb component 1`] = `
<MyEvents>
  <div>
    <NavBar
      auth={true}
      page="MyEvents"
    >
      <nav
        className="navbar navbar-toggleable-md navbar-light bg-faded"
      >
        <button
          aria-controls="navbarText"
          aria-expanded="false"
          aria-label="Toggle navigation"
          className="navbar-toggler navbar-toggler-right"
          data-target="#navbarText"
          data-toggle="collapse"
          type="button"
        >
          <span
            className="navbar-toggler-icon"
          />
        </button>
        <a
          className="navbar-brand"
          href="/"
        >
          EVENTS MANAGER
        </a>
        <div
          className="collapse navbar-collapse"
          id="navbarText"
        >
          <ul
            className="navbar-nav ml-auto"
          >
            <li
              className="nav-item active"
            >
              <a
                className="nav-link"
                href="/"
              >
                Home 
                <span
                  className="sr-only"
                >
                  (current)
                </span>
              </a>
            </li>
            <li
              className="nav-item"
            >
              <a
                className="nav-link"
                href="/centers"
              >
                Centers
              </a>
            </li>
            <li
              className="nav-item"
            >
              <a
                className="nav-link"
                href="/login"
              >
                Sign In
              </a>
            </li>
            <li
              className="nav-item"
            >
              <a
                className="nav-link"
                href="/signup"
              >
                Sign Up
              </a>
            </li>
          </ul>
        </div>
      </nav>
    </NavBar>
    <div
      className="container events"
    >
      <div
        className="row event-row"
      />
    </div>
  </div>
</MyEvents>
`;
